{
    "_id": "12546",
    "en": {
        "name": "Lemongrass",
        "description": "Ingredient",
        "type": "CraftingMaterial",
        "level": "80",
        "rarity": "Basic"
    },
    "fr": {
        "name": "Citronnelle",
        "description": "Ingr√©dient",
        "type": "CraftingMaterial",
        "level": "80",
        "rarity": "Basic"
    }
}